// Jest Snapshot v1, https://goo.gl/fbAQLP

exports[`matches snapshot 1`] = `
<DocumentFragment>
  <form>
    <textarea
      cols="50"
      name="message"
      placeholder="Type comment here..."
      rows="5"
    />
  </form>
  <button
    class="add-comment"
  >
    Add Comment
  </button>
  <h4 />
</DocumentFragment>
`;
